// Vitest Snapshot v1

exports[`emojis > extractor1 1`] = `
Set {
  "[游불=\\"\\"]",
  "游불",
  "[游불~=\\"1\\"]",
  "[游볳-2=\\"\\"]",
  "[type~=\\"button\\"]",
}
`;

exports[`emojis > fixture1 1`] = `
"/* layer: default */
.游불,[游불=\\"\\"]{color:red;}"
`;
