// Vitest Snapshot v1

exports[`layers > static 1`] = `
"/* layer: shortcuts */
.abc{name:bar1;name:bar2;name:4;}
/* layer: a */
.a{name:bar1;}
/* layer: b */
.b{name:bar2;}
/* layer: c */
.c5{name:5;}
/* layer: d */
/* RAW 4 */
/* layer: s */
.abcd{name:bar1;name:bar2;name:2;}"
`;
