// Vitest Snapshot v1

exports[`prefix 1`] = `
"/* layer: icons */
.dark .uno\\\\:dark\\\\:i-carbon-moon{--un-icon:url(\\"data:image/svg+xml;utf8,%3Csvg xmlns='http://www.w3.org/2000/svg' width='1em' height='1em' preserveAspectRatio='xMidYMid meet' viewBox='0 0 32 32'%3E%3Cpath d='M13.502 5.414a15.075 15.075 0 0 0 11.594 18.194a11.113 11.113 0 0 1-7.975 3.39c-.138 0-.278.005-.418 0a11.094 11.094 0 0 1-3.2-21.584M14.98 3a1.002 1.002 0 0 0-.175.016a13.096 13.096 0 0 0 1.825 25.981c.164.006.328 0 .49 0a13.072 13.072 0 0 0 10.703-5.555a1.01 1.01 0 0 0-.783-1.565A13.08 13.08 0 0 1 15.89 4.38A1.015 1.015 0 0 0 14.98 3z' fill='currentColor'/%3E%3C/svg%3E\\");mask:var(--un-icon) no-repeat;mask-size:100% 100%;-webkit-mask:var(--un-icon) no-repeat;-webkit-mask-size:100% 100%;background-color:currentColor;height:1em;width:1em;}
/* layer: shortcuts */
.uno\\\\:btn{margin-right:2.5rem;}
.uno\\\\:btn1{margin-left:2.5rem;margin-right:2.5rem;}
/* layer: default */
.uno\\\\:\\\\!p-5px{padding:5px !important;}
.uno\\\\:hover\\\\:p-4:hover{padding:1rem;}
.uno\\\\:pl-10px{padding-left:10px;}
@media (min-width: 640px){
.uno\\\\:sm\\\\:p-6{padding:1.5rem;}
}"
`;

exports[`tailwind prefix 1`] = `
"/* layer: shortcuts */
.uno-btn{margin-right:2.5rem;}
.uno\\\\:btn1{margin-left:2.5rem;margin-right:2.5rem;}
/* layer: default */
.\\\\!uno\\\\:p-5px{padding:5px !important;}
.hover\\\\:uno\\\\:p-4:hover{padding:1rem;}
.uno\\\\:pl-10px{padding-left:10px;}
@media (min-width: 640px){
.sm\\\\:uno\\\\:p-6{padding:1.5rem;}
}"
`;
