// Vitest Snapshot v1

exports[`shortcuts > dynamic 1`] = `
"/* layer: shortcuts */
.button-1{padding-left:0.75rem;padding-right:0.75rem;padding-top:0.5rem;padding-bottom:0.5rem;}
.button-2{padding-left:1.5rem;padding-right:1.5rem;padding-top:1rem;padding-bottom:1rem;}"
`;

exports[`shortcuts > merge transform-duplicated 1`] = `
"/* layer: shortcuts */
.transform-duplicated:hover {
  --un-scale-x: 0.02;
  --un-scale-y: 0.02;
}
.transform-duplicated {
  --un-rotate: 0;
  --un-scale-x: 1;
  --un-scale-y: 1;
  --un-scale-z: 1;
  --un-skew-x: 0;
  --un-skew-y: 0;
  --un-translate-x: 0;
  --un-translate-y: 0;
  --un-translate-z: 0;
  transform: rotate(var(--un-rotate)) scaleX(var(--un-scale-x))
    scaleY(var(--un-scale-y)) scaleZ(var(--un-scale-z)) skewX(var(--un-skew-x))
    skewY(var(--un-skew-y)) translateX(var(--un-translate-x))
    translateY(var(--un-translate-y)) translateZ(var(--un-translate-z));
  --un-translate-x: 0.25rem;
  --un-translate-y: 0.5rem;
  --un-scale-x: 0.04;
  --un-scale-y: 0.04;
}
.transform-duplicated:active {
  --un-scale-x: 0.04;
}
"
`;

exports[`shortcuts > nesting static 1`] = `
"/* layer: shortcuts */
.btn{margin-right:2.5rem;}
.btn1{margin-left:2.5rem;margin-right:2.5rem;}
.btn2{margin:0.75rem;margin-left:2.5rem;margin-right:2.5rem;padding-left:0.5rem;padding-right:0.5rem;padding-top:0.75rem;padding-bottom:0.75rem;}
@media (min-width: 640px){
.btn2{margin:0.5rem;}
}"
`;

exports[`shortcuts > static 1`] = `
"/* layer: shortcuts */
.sh3{margin:0.75rem;}
.sh1{margin:0.75rem;padding-left:0.5rem;padding-right:0.5rem;padding-top:0.75rem;padding-bottom:0.75rem;}
.focus\\\\:sh2:focus,.sh2{font-size:0.875rem;line-height:1.25rem;font-size:1.125rem;line-height:1.75rem;}
.focus\\\\:sh2:hover:focus,.sh2:hover{font-size:1.125rem;line-height:1.75rem;}
@media (min-width: 640px){
.sh1,.sh3{margin:0.5rem;}
}"
`;
